verification of amd64 on http://192.168.56.119 — all
GNS3 2.2.54 @ http://192.168.56.119
[provision] importing Add-Routes-Template.gns3project -> autotest-add-routes-12b569c7
  nodes: Host1=started, Host2=started, Host3=started, Host4=started, Host5=started, Host6=started, Router1=started, Router2=started, Router3=started, Switch1=started, Switch2=started, Switch3=started, Switch4=started
  settling 12s for boot/ifup ...
[configure] Router1: 2 cmd(s)
[configure] Router2: 2 cmd(s)
[configure] Router3: 2 cmd(s)
[assert] Host1: running add-routes-test.sh
           PASS (Host1)
[assert] Host6: running add-routes-test.sh
           PASS (Host6)
[teardown] deleting project 12b569c7-054a-474d-9c1f-2ee9a984e29f
[provision] importing Ansible-Basics-Solution.gns3project -> autotest-ansible-basics-d8c97ad4
  nodes: Host1=started, Host2=started, Host3=started, Host4=started, Host5=started, Switch1=started
  settling 15s for boot/ifup ...
[configure] Host1: 7 cmd(s)
[configure] Host2: 5 cmd(s)
[configure] Host3: 5 cmd(s)
[configure] Host4: 5 cmd(s)
[configure] Host5: 5 cmd(s)
[assert] Host1: running ansible-basics-test.sh
           PASS (Host1)
[teardown] deleting project d8c97ad4-2421-4035-aa69-12df0fd7930b
[provision] building topology -> autotest-arp-basics-d9fe634c
  nodes: Host1=started, Host2=started, Host3=started, Host4=started, sw=started
  settling 8s for boot/ifup ...
[configure] Host1: 2 cmd(s)
[configure] Host2: 2 cmd(s)
[configure] Host3: 2 cmd(s)
[configure] Host4: 2 cmd(s)
[assert] Host1: running arp-basics-test.sh
           PASS (Host1)
[teardown] deleting project 8c079fcd-af60-4c61-9da0-e67c8fc8642d
[provision] building topology -> autotest-arp-spoofing-d45eba10
  nodes: attacker=started, server=started, sw=started, victim=started
  settling 20s for boot/ifup ...
[configure] server: 4 cmd(s)
[configure] victim: 4 cmd(s)
[configure] attacker: 5 cmd(s)
  ready: polling 1 check(s), timeout 90s
  ready: victim-cache-poisoned ok at +5s
[assert] victim: running arp-spoofing-test.sh
           PASS (victim)
[teardown] deleting project 22f7de54-d1b0-4873-a301-f1565954e035
[provision] building topology -> autotest-auth-kerberos-ef540e24
  nodes: client=started, kdc=started, server=started, sw=started
  settling 10s for boot/ifup ...
[configure] kdc: 13 cmd(s)
[configure] server: 8 cmd(s)
[configure] client: 4 cmd(s)
[assert] kdc: running auth-kerberos-test.sh
           PASS (kdc)
[assert] server: running auth-kerberos-test.sh
           PASS (server)
[assert] client: running auth-kerberos-test.sh
           PASS (client)
[teardown] deleting project ecd825f8-714e-4fac-a06d-7518aab8fa74
[provision] building topology -> autotest-backup-basics-9b5d91d6
  nodes: FS=started, Server=started, sw=started
  settling 8s for boot/ifup ...
[configure] FS: 3 cmd(s)
[configure] Server: 4 cmd(s)
[assert] Server: running backup-basics-test.sh
           PASS (Server)
[teardown] deleting project 6c4378cb-c798-4d50-88fd-2d0e8b37c449
[provision] building topology -> autotest-bgp-basics-be01447c
  nodes: FRR1=started, FRR2=started, Host1=started, Host2=started, Switch1=started, Switch2=started
  settling 35s for boot/ifup ...
[configure] Host1: 3 cmd(s)
[configure] Host2: 3 cmd(s)
[configure] FRR1 (vtysh via docker exec): 8 cmd(s)
  ssh to gns3@192.168.56.119: password
[configure] FRR2 (vtysh via docker exec): 8 cmd(s)
  ready: polling 1 check(s), timeout 120s
  ready: host1-reaches-host2 ok at +5s
[assert] Host1: running bgp-basics-test.sh
           PASS (Host1)
[assert] Host2: running bgp-basics-test.sh
           PASS (Host2)
[teardown] deleting project d3af766a-556e-4362-bea4-9dba78d303dc
[provision] importing Broken-Network-Base.gns3project -> autotest-broken-network-be2a1f20
  nodes: PC-ADMIN=started, PC-GUEST=started, PC-LAB1=started, PC-LAB2=started, R-Core=started, R-North=started, R-South=started, SRV-DNS=started, SRV-WEB=started, SW-Admin=started, SW-Guest=started, SW-Labs=started, SW-Server=started
  settling 14s for boot/ifup ...
[assert] PC-LAB1: running broken-network-test.sh
           PASS (PC-LAB1)
[assert] R-Core: running broken-network-test.sh
           PASS (R-Core)
[assert] SRV-DNS: running broken-network-test.sh
           PASS (SRV-DNS)
[teardown] deleting project be2a1f20-a92b-4cc1-b03a-e34f177236c3
[provision] building topology -> autotest-broken-services-34039efc
  nodes: Cache1=started, Client=started, DB1=started, DNS1=started, sw=started
  settling 10s for boot/ifup ...
[configure] DNS1: 3 cmd(s)
[configure] DB1: 3 cmd(s)
[configure] Cache1: 3 cmd(s)
[configure] Client: 3 cmd(s)
[assert] Client: running broken-services-test.sh
           PASS (Client)
[teardown] deleting project c4f6bf8f-a454-44ec-a483-a61781a10d10
[provision] building topology -> autotest-cache-server-basics-4e28708d
  nodes: App=started, Cache1=started, Host1=started, sw=started
  settling 8s for boot/ifup ...
[configure] Cache1: 3 cmd(s)
[configure] App: 2 cmd(s)
[configure] Host1: 2 cmd(s)
[assert] Cache1: running cache-server-basics-test.sh
           PASS (Cache1)
[assert] App: running cache-server-basics-test.sh
           PASS (App)
[assert] Host1: running cache-server-basics-test.sh
           PASS (Host1)
[teardown] deleting project 9ab2add5-fca7-420b-8da4-1cd98525e80e
[provision] importing CampusCoreOSPF.gns3project -> autotest-campus-core-ospf-81f44893
  nodes: NETem=started, PC-ADMIN=started, PC-GUEST=started, PC-LAB1=started, R-Core=started, R-North=started, R-South=started, SRV-DNS=started, SRV-WEB=started, SW-Admin=started, SW-Guest=started, SW-Labs=started, SW-Server=started
  settling 40s for boot/ifup ...
[assert] PC-LAB1: running campus-core-ospf-test.sh
           PASS (PC-LAB1)
[assert] SRV-DNS: running campus-core-ospf-test.sh
           PASS (SRV-DNS)
[teardown] deleting project 81f44893-5029-44dd-af91-41128727c0ab
[provision] importing CampusCoreSimple.gns3project -> autotest-campus-core-simple-f1813aab
  nodes: PC-ADMIN=started, PC-GUEST=started, PC-LAB1=started, R-Core=started, R-North=started, R-South=started, SRV-DNS=started, SRV-WEB=started, SW-Admin=started, SW-Guest=started, SW-Labs=started, SW-Server=started
  settling 12s for boot/ifup ...
[assert] PC-LAB1: running campus-core-simple-test.sh
           PASS (PC-LAB1)
[assert] SRV-DNS: running campus-core-simple-test.sh
           PASS (SRV-DNS)
[teardown] deleting project f1813aab-cc9f-4ed3-ae44-a321ec59e869
[provision] importing CampusCoreVLAN.gns3project -> autotest-campus-core-vlan-5a0ad4e2
  nodes: PC-ADMIN=started, PC-GUEST=started, PC-LAB1=started, R-Core=started, R-North=started, R-South=started, SRV-DNS=started, SRV-WEB=started, SW-Guest=started, SW-North=started, SW-Server=started
  settling 14s for boot/ifup ...
[assert] PC-LAB1: running campus-core-vlan-test.sh
           PASS (PC-LAB1)
[assert] R-North: running campus-core-vlan-test.sh
           PASS (R-North)
[assert] SRV-DNS: running campus-core-vlan-test.sh
           PASS (SRV-DNS)
[capture] link captures over the API
  capture: trunk on R-North <-> SW-North
  capture: access on PC-LAB1 <-> SW-North
  capture: HIT  trunk carries VLAN 10, 20 (15 frames on R-North <-> SW-North)
  capture: HIT  trunk captured 15 frames (>= 6)
  capture: HIT  access is untagged — 8 frames, no 802.1Q header on PC-LAB1 <-> SW-North
[teardown] deleting project 5a0ad4e2-df71-4b68-a486-ac0854eaeed4
[provision] importing CampusCoreVLSM.gns3project -> autotest-campus-core-vlsm-1d656fda
  nodes: PC-ADMIN=started, PC-GUEST=started, PC-LAB1=started, R-Core=started, R-North=started, R-South=started, SRV-DNS=started, SRV-WEB=started, SW-Admin=started, SW-Guest=started, SW-Labs=started, SW-Server=started
  settling 12s for boot/ifup ...
[assert] PC-LAB1: running campus-core-vlsm-test.sh
           PASS (PC-LAB1)
[assert] SRV-DNS: running campus-core-vlsm-test.sh
           PASS (SRV-DNS)
[teardown] deleting project 1d656fda-d263-4057-af9f-e34eb30725bf
[provision] importing ../setting-ip/Setting-IP-Solution.gns3project -> autotest-capture-basics-d32e38eb
  nodes: Host1=started, Host2=started, Host3=started, Host4=started, Switch1=started
  settling 12s for boot/ifup ...
[configure] Host3: 1 cmd(s)
[assert] Host1: running capture-basics-test.sh
           PASS (Host1)
[assert] Host3: running capture-basics-test.sh
           PASS (Host3)
[capture] link captures over the API
  capture: ping-netcat on Host1 <-> Switch1
  capture: HIT  ping-netcat captured 21 frames (>= 10)
[teardown] deleting project d32e38eb-334e-4783-814a-884e9c6ef599
[provision] building topology -> autotest-central-logging-0f7f45c1
  nodes: client1=started, client2=started, logserver=started, sw=started
  settling 20s for boot/ifup ...
[configure] logserver: 4 cmd(s)
[configure] client1: 7 cmd(s)
[configure] client2: 7 cmd(s)
  ready: polling 1 check(s), timeout 120s
  ready: both-clients-logging ok at +0s
[assert] logserver: running central-logging-test.sh
           PASS (logserver)
[teardown] deleting project 5200f871-251c-42f6-8b4c-59d45341e1b0
[provision] building topology -> autotest-database-server-basics-e7f99356
  nodes: Client=started, DB1=started, Host1=started, sw=started
  settling 8s for boot/ifup ...
[configure] DB1: 3 cmd(s)
[configure] Client: 2 cmd(s)
[configure] Host1: 2 cmd(s)
[assert] DB1: running database-server-basics-test.sh
           PASS (DB1)
[assert] Client: running database-server-basics-test.sh
           PASS (Client)
[assert] Host1: running database-server-basics-test.sh
           PASS (Host1)
[teardown] deleting project 193d379d-92f1-46e1-9780-8df5ba099aee
[provision] importing Default-Gateway-Solution.gns3project -> autotest-default-gateway-e08acf18
  nodes: Host1=started, Host2=started, Host3=started, Host4=started, Router1=started, Router2=started, Switch1=started, Switch2=started
  settling 10s for boot/ifup ...
[assert] Host1: running default-gateway-test.sh
           PASS (Host1)
[assert] Host2: running default-gateway-test.sh
           PASS (Host2)
[assert] Host3: running default-gateway-test.sh
           PASS (Host3)
[assert] Host4: running default-gateway-test.sh
           PASS (Host4)
[teardown] deleting project e08acf18-f544-427f-9268-a6da92ad4cb0
[provision] importing DHCP-Client-Solution.gns3project -> autotest-dhcp-client-c71e5d8b
  nodes: Host1=started, Host2=started, Host3=started, OpenWRT1=started, Switch1=started
  settling 15s for boot/ifup ...
[assert] Host1: running dhcp-client-test.sh
           PASS (Host1)
[assert] Host2: running dhcp-client-test.sh
           PASS (Host2)
[assert] Host3: running dhcp-client-test.sh
           PASS (Host3)
[teardown] deleting project c71e5d8b-3052-457e-a2b6-9b8fdabc4c52
[provision] building topology -> autotest-dhcp-server-basics-1f98dab1
  nodes: Host1=started, Host2=started, Host3=started, OpenWRT1=started, Switch1=started
  settling 15s for boot/ifup ...
[configure] Host3: 3 cmd(s)
[configure] OpenWRT1: 8 cmd(s)
[configure] Host2: 2 cmd(s)
[assert] Host3: running dhcp-server-basics-test.sh
           PASS (Host3)
[assert] Host1: running dhcp-server-basics-test.sh
           PASS (Host1)
[assert] OpenWRT1: running dhcp-server-basics-test.sh
           PASS (OpenWRT1)
[teardown] deleting project 99834150-a173-420a-9c8f-cd3dd79a0c8d
[provision] building topology -> autotest-dhcp-server-kea-0f7cc19c
  nodes: DHCP1=started, Host1=started, Host2=started, sw=started
  settling 8s for boot/ifup ...
[configure] DHCP1: 3 cmd(s)
[configure] Host1: 1 cmd(s)
[configure] Host2: 1 cmd(s)
[assert] Host1: running dhcp-server-kea-test.sh
           PASS (Host1)
[assert] Host2: running dhcp-server-kea-test.sh
           PASS (Host2)
[assert] DHCP1: running dhcp-server-kea-test.sh
           PASS (DHCP1)
[teardown] deleting project 0fe8d720-9265-4a2a-bd50-86fbd6cc8075
[provision] building topology -> autotest-directory-ad-basics-535aa3b8
  nodes: Client1=started, DC1=started, sw=started
  settling 30s for boot/ifup ...
[configure] DC1: 11 cmd(s)
[configure] Client1: 6 cmd(s)
[assert] DC1: running directory-ad-basics-test.sh
           PASS (DC1)
[assert] Client1: running directory-ad-basics-test.sh
           PASS (Client1)
[teardown] deleting project 2f6380e0-edfc-4f09-a18b-3c004bbedf3c
[provision] building topology -> autotest-directory-demo-678f123a
  nodes: DC1=started, PC1=started, PC2=started, SW=started
  settling 40s for boot/ifup ...
[configure] DC1: 11 cmd(s)
[configure] PC1: 12 cmd(s)
[configure] PC2: 5 cmd(s)
[assert] DC1: running directory-demo-test.sh
           PASS (DC1)
[assert] PC1: running directory-demo-test.sh
           PASS (PC1)
[assert] PC2: running directory-demo-test.sh
           PASS (PC2)
[teardown] deleting project 0e14c131-fa6c-4e9b-89f2-1cbced751502
[provision] building topology -> autotest-directory-linux-join-e4fa12f1
  nodes: Client1=started, DC1=started, sw=started
  settling 40s for boot/ifup ...
[configure] DC1: 11 cmd(s)
[configure] Client1: 12 cmd(s)
[assert] DC1: running directory-linux-join-test.sh
           PASS (DC1)
[assert] Client1: running directory-linux-join-test.sh
           PASS (Client1)
[teardown] deleting project 33eb42f1-61bc-42bf-9680-70cc34b0e0be
[provision] building topology -> autotest-dns-hosts-cf7ed4c2
  nodes: Host1=started, Host2=started, Host3=started, OpenWRT1=started, Switch1=started
  settling 15s for boot/ifup ...
[configure] Host2: 3 cmd(s)
[configure] Host3: 3 cmd(s)
[configure] OpenWRT1: 14 cmd(s)
[configure] Host1: 3 cmd(s)
[assert] Host3: running dns-hosts-test.sh
           PASS (Host3)
[assert] Host2: running dns-hosts-test.sh
           PASS (Host2)
[assert] Host1: running dns-hosts-test.sh
           PASS (Host1)
[assert] OpenWRT1: running dns-hosts-test.sh
           PASS (OpenWRT1)
[teardown] deleting project 0f2d88ed-bc85-4ad8-ab1b-e3997533b100
[provision] building topology -> autotest-dns-server-basics-14a9e8aa
  nodes: DNS1=started, Host1=started, Host2=started, Web=started, sw=started
  settling 8s for boot/ifup ...
[configure] DNS1: 3 cmd(s)
[configure] Web: 3 cmd(s)
[configure] Host2: 3 cmd(s)
[configure] Host1: 3 cmd(s)
[assert] DNS1: running dns-server-basics-test.sh
           PASS (DNS1)
[assert] Host1: running dns-server-basics-test.sh
           PASS (Host1)
[teardown] deleting project e0324a6b-3004-4d53-9395-534e44b63569
[provision] building topology -> autotest-dos-demo-229635bc
  nodes: R=started, attacker=started, refl1=started, refl2=started, refl3=started, sw1=started, sw2=started, victim=started
  settling 20s for boot/ifup ...
[configure] R: 10 cmd(s)
[configure] attacker: 6 cmd(s)
[configure] refl1: 5 cmd(s)
[configure] refl2: 4 cmd(s)
[configure] refl3: 4 cmd(s)
[configure] victim: 4 cmd(s)
  ready: polling 2 check(s), timeout 60s
  ready: victim-reachable-through-router ok at +0s
  ready: reflector-answers-dns ok at +0s
[assert] refl2: running dos-demo-test.sh
           PASS (refl2)
[capture] link captures over the API
  capture: amplified-responses on victim <-> sw2
  capture: HIT  amplified-responses carries 'BBBBBBBBBBBBBBBB' in clear text on victim <-> sw2
  capture: HIT  amplified-responses captured 78 frames (>= 10)
[teardown] deleting project 67001d77-f4a2-4b9a-b28e-541dafa1321c
[provision] building topology -> autotest-file-sharing-basics-b719eaa8
  nodes: FS=started, Host1=started, Host2=started, sw=started
  settling 8s for boot/ifup ...
[configure] FS: 3 cmd(s)
[configure] Host1: 2 cmd(s)
[configure] Host2: 2 cmd(s)
[assert] FS: running file-sharing-basics-test.sh
           PASS (FS)
[assert] Host1: running file-sharing-basics-test.sh
           PASS (Host1)
[teardown] deleting project 4c061d50-af73-4c91-96b7-b1a966edebdc
[provision] building topology -> autotest-git-basics-91d41776
  nodes: Dev1=started, Dev2=started, GitServer=started, sw=started
  settling 8s for boot/ifup ...
[configure] Dev1: 6 cmd(s)
[configure] Dev2: 6 cmd(s)
[configure] GitServer: 10 cmd(s)
[assert] Dev1: running git-basics-test.sh
           PASS (Dev1)
[assert] Dev2: running git-basics-test.sh
           PASS (Dev2)
[teardown] deleting project 97700a38-27d2-48a4-b772-d36e95a52a26
[provision] building topology -> autotest-git-server-gitea-7be6097a
  nodes: Dev1=started, Gitea=started, sw=started
  settling 12s for boot/ifup ...
[configure] Gitea: 3 cmd(s)
[configure] Dev1: 2 cmd(s)
[assert] Gitea: running git-server-gitea-test.sh
           PASS (Gitea)
[assert] Dev1: running git-server-gitea-test.sh
           PASS (Dev1)
[teardown] deleting project 54315251-496d-46e6-a265-613cd880394d
[skip] gns3-internet-nat: requires real Internet egress from the GNS3 VM (external dependency); hand-walked 21 Aug 2026
[provision] importing GNS3-Intro-Solution.gns3project -> autotest-gns3-intro-568bec9a
  nodes: Host1=started
  settling 8s for boot/ifup ...
[assert] Host1: running gns3-intro-test.sh
           PASS (Host1)
[teardown] deleting project 568bec9a-c957-4751-92af-2fe231699438
[provision] importing HTTPClient-CLI-Basics-Solution.gns3project -> autotest-httpclient-cli-basics-221e457f
  nodes: Host1=started, Router1=started, Router2=started, Server1=started, Switch1=started, Switch2=started, Switch3=started
  settling 12s for boot/ifup ...
[assert] Host1: running httpclient-cli-basics-test.sh
           PASS (Host1)
[teardown] deleting project 221e457f-7b8b-4a7d-9c85-086c708569eb
[provision] importing HTTPClient-GUI-Basics-Solution.gns3project -> autotest-httpclient-gui-basics-856e455f
  nodes: Host1=started, Router1=started, Router2=started, Server1=started, Switch1=started, Switch2=started, Switch3=started
  settling 12s for boot/ifup ...
[assert] Router1: running httpclient-gui-basics-test.sh
           PASS (Router1)
[teardown] deleting project 856e455f-c2dc-41e0-be20-b73d6407edcf
[provision] importing HTTPS-Setup-Selfsigned-Solution.gns3project -> autotest-https-setup-selfsigned-63fc9d66
  nodes: Host1=started, Router1=started, Router2=started, Server1=started, Switch1=started, Switch2=started, Switch3=started
  settling 12s for boot/ifup ...
[configure] Server1: 2 cmd(s)
[assert] Host1: running https-setup-selfsigned-test.sh
           PASS (Host1)
[teardown] deleting project 63fc9d66-9df7-4fe8-b7fc-de027b71092c
[skip] ipsec-site-to-site: optional node not installed: template(s) OPNsense — build the appliance with `--with` to run this activity
[provision] building topology -> autotest-ipsec-swanctl-f4574f1b
  nodes: Host1=started, Host2=started, IPsecGW-A=started, IPsecGW-B=started
  settling 10s for boot/ifup ...
[configure] IPsecGW-A: 6 cmd(s)
[configure] IPsecGW-B: 6 cmd(s)
[configure] Host1: 3 cmd(s)
[configure] Host2: 3 cmd(s)
  ready: polling 1 check(s), timeout 120s
  ready: tunnel-carries-traffic ok at +1s
[assert] IPsecGW-A: running ipsec-swanctl-test.sh
           PASS (IPsecGW-A)
[assert] IPsecGW-B: running ipsec-swanctl-test.sh
           PASS (IPsecGW-B)
[assert] Host1: running ipsec-swanctl-test.sh
           PASS (Host1)
[teardown] deleting project 2f96a539-1931-48ea-aa1f-cc654f40228b
[provision] building topology -> autotest-ipv6-basics-8c7e23b8
  nodes: Host1=started, Host2=started, Host3=started, Host4=started, RouterA=started, RouterB=started, sw1=started, sw3=started
  settling 12s for boot/ifup ...
[configure] Host1: 3 cmd(s)
[configure] Host2: 3 cmd(s)
[configure] RouterA: 9 cmd(s)
[configure] RouterB: 3 cmd(s)
[configure] Host3: 5 cmd(s)
[configure] Host4: 5 cmd(s)
[assert] Host1: running ipv6-basics-test.sh
           PASS (Host1)
[assert] Host3: running ipv6-basics-test.sh
           PASS (Host3)
[capture] link captures over the API
  capture: subnet2 on RouterA <-> RouterB
  capture: HIT  subnet2 captured 10 frames (>= 8)
[teardown] deleting project 54ec62cc-4294-42a4-ab4a-10338be385a0
[provision] building topology -> autotest-ipv6-nat64-d1029d2c
  nodes: Host1=started, Host2=started, Host3=started, Host4=started, RouterA=started, RouterB=started, sw1=started, sw3=started
  settling 12s for boot/ifup ...
[configure] Host1: 3 cmd(s)
[configure] Host2: 3 cmd(s)
[configure] RouterA: 9 cmd(s)
[configure] RouterB: 4 cmd(s)
[configure] Host3: 3 cmd(s)
[configure] Host4: 3 cmd(s)
  ready: polling 1 check(s), timeout 90s
  ready: translator-passes-traffic ok at +0s
[assert] Host1: running ipv6-nat64-test.sh
           PASS (Host1)
[assert] Host3: running ipv6-nat64-test.sh
           PASS (Host3)
[capture] link captures over the API
  capture: subnet2-ipv6 on RouterA <-> RouterB
  capture: subnet3-ipv4 on RouterB <-> sw3
  capture: HIT  subnet2-ipv6 captured 8 frames (>= 8)
  capture: HIT  subnet3-ipv4 captured 10 frames (>= 8)
[teardown] deleting project 319467c7-eff8-41f5-bbb1-5eca5cf3e9dc
[provision] importing LAN-Routing-Solution.gns3project -> autotest-lan-routing-vlan-5faed374
  nodes: Host1=started, Host2=started, Host3=started, Host4=started, Host5=started, Host6=started, Host7=started, Host8=started, Host9=started, Router1=started, Router2=started, Router3=started, Switch1=started, Switch2=started, Switch3=started, Switch4=started, Switch5=started, Switch6=started
  settling 15s for boot/ifup ...
[configure] Router1: 2 cmd(s)
[configure] Router2: 2 cmd(s)
[configure] Router3: 2 cmd(s)
[assert] Host1: running lan-routing-vlan-test.sh
           PASS (Host1)
[assert] Host9: running lan-routing-vlan-test.sh
           PASS (Host9)
[teardown] deleting project 5faed374-fbdc-42e6-a091-c3a6c3c809bf
[provision] building topology -> autotest-link-performance-66e0e881
  nodes: Gen1=started, Gen2=started, NETem=started
  settling 10s for boot/ifup ...
[configure] Gen1: 2 cmd(s)
[configure] Gen2: 3 cmd(s)
[assert] Gen1: running link-performance-test.sh
           PASS (Gen1)
[teardown] deleting project 0805f234-a595-485f-87cf-88a647cee90e
[provision] building topology -> autotest-mtls-client-certs-8ae9ee67
  nodes: client=started, server=started, sw=started
  settling 8s for boot/ifup ...
[configure] server: 24 cmd(s)
[configure] client: 8 cmd(s)
[assert] client: running mtls-client-certs-test.sh
           PASS (client)
[teardown] deleting project 41814a85-d7be-4326-9d87-b32133faaef5
[provision] building topology -> autotest-netcat-basics-d5d3fccf
  nodes: Host1=started, Host2=started, sw=started
  settling 8s for boot/ifup ...
[configure] Host1: 3 cmd(s)
[configure] Host2: 3 cmd(s)
[assert] Host1: running netcat-basics-test.sh
           PASS (Host1)
[teardown] deleting project 405358d6-952c-4cf8-b3a9-7072879e18de
[provision] building topology -> autotest-netflow-basics-dc56e472
  nodes: Collector=started, Host1=started, Host2=started, Probe=started, hub=started
  settling 8s for boot/ifup ...
[configure] Collector: 3 cmd(s)
[configure] Probe: 3 cmd(s)
[configure] Host1: 2 cmd(s)
[configure] Host2: 2 cmd(s)
[assert] Probe: running netflow-basics-test.sh
           PASS (Probe)
[assert] Host1: running netflow-basics-test.sh
           PASS (Host1)
[assert] Collector: running netflow-basics-test.sh
           PASS (Collector)
[teardown] deleting project 3582c609-b8cb-4aaf-b0fe-b670f34a07c3
[provision] building topology -> autotest-network-monitoring-basics-4f6433bd
  nodes: Host1=started, Host2=started, Host3=started, Host4=started, Monitor=started, Router=started, swA=started, swB=started
  settling 25s for boot/ifup ...
[configure] Router: 5 cmd(s)
[configure] Host1: 4 cmd(s)
[configure] Host3: 4 cmd(s)
[configure] Host2: 4 cmd(s)
[configure] Host4: 4 cmd(s)
[configure] Monitor: 6 cmd(s)
[assert] Monitor: running network-monitoring-basics-test.sh
           PASS (Monitor)
[assert] Host1: running network-monitoring-basics-test.sh
           PASS (Host1)
[teardown] deleting project c8e87a3a-fde7-4c13-9671-46513709368d
[provision] building topology -> autotest-nftables-firewall-5b458b1b
  nodes: server=started, sw=started, trusted=started, untrusted=started
  settling 20s for boot/ifup ...
[configure] server: 7 cmd(s)
[configure] trusted: 2 cmd(s)
[configure] untrusted: 2 cmd(s)
[assert] trusted: running nftables-firewall-test.sh
           PASS (trusted)
[assert] untrusted: running nftables-firewall-test.sh
           PASS (untrusted)
[assert] server: running nftables-firewall-test.sh
           PASS (server)
[capture] link captures over the API
  capture: untrusted-edge on untrusted <-> sw
  capture: HIT  untrusted-edge captured 16 frames (>= 6)
[teardown] deleting project c1d23b8f-535a-48a1-9dff-5df2a739cef3
[provision] building topology -> autotest-ntp-basics-66625687
  nodes: Host1=started, Host2=started, NTP1=started, sw=started
  settling 10s for boot/ifup ...
[configure] NTP1: 3 cmd(s)
[configure] Host1: 2 cmd(s)
[configure] Host2: 2 cmd(s)
[assert] NTP1: running ntp-basics-test.sh
           PASS (NTP1)
[assert] Host1: running ntp-basics-test.sh
           PASS (Host1)
[teardown] deleting project ad7b085d-c777-46d6-b114-3e3be4d8ff53
[provision] building topology -> autotest-openssl-ca-3af5e8ad
  nodes: CA=started, Client=started, Server=started, sw=started
  settling 8s for boot/ifup ...
[configure] CA: 18 cmd(s)
[configure] Server: 8 cmd(s)
[configure] Client: 6 cmd(s)
[assert] Client: running openssl-ca-test.sh
           PASS (Client)
[teardown] deleting project fb15633e-9334-452c-b298-a52f8a15902e
[provision] building topology -> autotest-openwrt-basics-de428832
  nodes: OpenWRT1=started, PC1=started, PC2=started, Server1=started, Switch1=started
  settling 30s for boot/ifup ...
[configure] Server1: 4 cmd(s)
[configure] OpenWRT1: 22 cmd(s)
[configure] PC2: 5 cmd(s)
[assert] PC2: running openwrt-basics-test.sh
           PASS (PC2)
[assert] OpenWRT1: running openwrt-basics-test.sh
           PASS (OpenWRT1)
[assert] Server1: running openwrt-basics-test.sh
           PASS (Server1)
[teardown] deleting project 6bb30fe7-f530-4715-82ba-521c3f56bc2e
[provision] building topology -> autotest-openwrt-firewall-dmz-cca4d0d6
  nodes: Internet1=started, OpenWRT1=started, PC1=started, PC2=started, Switch1=started, Switch2=started, Web1=started
  settling 30s for boot/ifup ...
[configure] PC2: 3 cmd(s)
[configure] Web1: 4 cmd(s)
[configure] Internet1: 3 cmd(s)
[configure] OpenWRT1: 44 cmd(s)
  ready: polling 2 check(s), timeout 180s
  ready: lan-to-dmz-web ok at +0s
  ready: wan-port-forward ok at +0s
[assert] PC2: running openwrt-firewall-dmz-test.sh
           PASS (PC2)
[assert] Web1: running openwrt-firewall-dmz-test.sh
           PASS (Web1)
[assert] Internet1: running openwrt-firewall-dmz-test.sh
           PASS (Internet1)
[assert] OpenWRT1: running openwrt-firewall-dmz-test.sh
           PASS (OpenWRT1)
[teardown] deleting project 9cb7b4d6-10c5-47ea-a215-3b5e31a8b0c5
[skip] opnsense-firewall: optional node not installed: template(s) OPNsense — build the appliance with `--with` to run this activity
[provision] importing OSPF-Basics-Solution.gns3project -> autotest-ospf-basics-cb27dd79
  nodes: FRR-1=started, FRR-2=started, FRR-3=started, FRR-4=started, Host1=started, Host2=started, NETem1=started, NETem2=started
  settling 30s for boot/ifup ...
[assert] Host1: running ospf-basics-test.sh
           PASS (Host1)
[assert] Host2: running ospf-basics-test.sh
           PASS (Host2)
[teardown] deleting project cb27dd79-d0f6-4eb0-934e-31feb69b5eb5
[provision] building topology -> autotest-password-hashing-a23d71b7
  nodes: Target=started
  settling 8s for boot/ifup ...
[assert] Target: running password-hashing-test.sh
           PASS (Target)
[teardown] deleting project 26b555ec-7b06-4741-a664-8eb7e1ece9a2
[provision] building topology -> autotest-ping-basics-498f060e
  nodes: Host1=started, Host2=started, sw=started
  settling 8s for boot/ifup ...
[configure] Host1: 2 cmd(s)
[configure] Host2: 2 cmd(s)
[assert] Host1: running ping-basics-test.sh
           PASS (Host1)
[teardown] deleting project eaee46c1-7e0a-450c-865f-bb3544df845d
[provision] building topology -> autotest-port-scanning-b3435fde
  nodes: attacker=started, filehost=started, sw=started, web=started
  settling 8s for boot/ifup ...
[configure] web: 4 cmd(s)
[configure] filehost: 3 cmd(s)
[configure] attacker: 2 cmd(s)
[assert] attacker: running port-scanning-test.sh
           PASS (attacker)
[capture] link captures over the API
  capture: attacker-edge on attacker <-> sw
  capture: HIT  attacker-edge captured 532 frames (>= 6)
[teardown] deleting project 499ad9fd-8ebb-4d7b-a08f-1e5ffcc3a1ce
[provision] importing Reverse-Proxy-Solution.gns3project -> autotest-reverse-proxy-cd9efcd6
  nodes: Proxy=started, Switch1=started, WebClient=started, WebServer1=started, WebServer2=started
  settling 12s for boot/ifup ...
[configure] WebServer1: 2 cmd(s)
[configure] WebServer2: 2 cmd(s)
[configure] Proxy: 2 cmd(s)
[assert] WebClient: running reverse-proxy-test.sh
           PASS (WebClient)
[teardown] deleting project cd9efcd6-b4d1-496a-9328-965cc3b05418
[provision] building topology -> autotest-sdn-basics-c533c049
  nodes: Browser=started, Host1=started, Host2=started, Host3=started, Host4=started, MgmtSW=started, Monitor=started, SDN1=started, Switch=started
  settling 30s for boot/ifup ...
[configure] Host1: 2 cmd(s)
[configure] Host2: 2 cmd(s)
[configure] Host3: 2 cmd(s)
[configure] Host4: 2 cmd(s)
[configure] Monitor: 2 cmd(s)
[configure] SDN1: 4 cmd(s)
[configure] Switch (OVS via docker exec): 8 cmd(s)
[assert] SDN1: running sdn-basics-test.sh
           PASS (SDN1)
[assert] Host1: running sdn-basics-test.sh
           PASS (Host1)
[capture] link captures over the API
  capture: openflow on SDN1 <-> MgmtSW
  capture: access on Host1 <-> Switch
  capture: HIT  openflow captured 111 frames (>= 20)
  capture: HIT  access is untagged — 13 frames, no 802.1Q header on Host1 <-> Switch
  capture: HIT  access captured 13 frames (>= 8)
[teardown] deleting project c9b9b4a5-81eb-4e40-ba9b-236f479f7a36
[provision] importing SecurityOpsDemo.gns3project -> autotest-security-ops-demo-993de6d1
  nodes: ATTACKER=started, COLLECTOR=started, HUB-Server=started, IDS=started, LOGSRV=started, MONITOR=started, PC-STAFF=started, R-Edge=started, SRV-WEB=started, SW-Office=started
  settling 30s for boot/ifup ...
[assert] R-Edge: running security-ops-demo-test.sh
           PASS (R-Edge)
[assert] PC-STAFF: running security-ops-demo-test.sh
           PASS (PC-STAFF)
[assert] SRV-WEB: running security-ops-demo-test.sh
           PASS (SRV-WEB)
[assert] IDS: running security-ops-demo-test.sh
           PASS (IDS)
[assert] COLLECTOR: running security-ops-demo-test.sh
           PASS (COLLECTOR)
[assert] LOGSRV: running security-ops-demo-test.sh
           PASS (LOGSRV)
[assert] MONITOR: running security-ops-demo-test.sh
           PASS (MONITOR)
[teardown] deleting project 993de6d1-fa2b-43c9-9303-c7f2551ba0ee
[skip] service-nodes-demo: staff demonstration topology, not a single-assertion activity — verify interactively
[provision] importing Setting-IP-Solution.gns3project -> autotest-setting-ip-de6d2214
  nodes: Host1=started, Host2=started, Host3=started, Host4=started, Switch1=started
  settling 10s for boot/ifup ...
[assert] Host1: running setting-ip-test.sh
           PASS (Host1)
[assert] Host2: running setting-ip-test.sh
           PASS (Host2)
[assert] Host3: running setting-ip-test.sh
           PASS (Host3)
[teardown] deleting project de6d2214-e1f1-48bd-8da1-2d8b53c5fb35
[skip] small-internet: large demo topology, not a single-assertion activity — verify interactively
[provision] building topology -> autotest-ssh-basics-51f29f3b
  nodes: Host1=started, Host2=started, sw=started
  settling 8s for boot/ifup ...
[configure] Host1: 2 cmd(s)
[configure] Host2: 3 cmd(s)
[assert] Host1: running ssh-basics-test.sh
           PASS (Host1)
[teardown] deleting project 1a1f8641-3fbc-4f44-8203-5019276fc8ee
[provision] building topology -> autotest-ssh-hardening-ac1f816b
  nodes: Admin=started, Bastion=started, Internal=started, Server=started, sw=started
  settling 10s for boot/ifup ...
[configure] Admin: 7 cmd(s)
[configure] Server: 16 cmd(s)
[configure] Bastion: 11 cmd(s)
[configure] Internal: 4 cmd(s)
[assert] Admin: running ssh-hardening-test.sh
           PASS (Admin)
[assert] Server: running ssh-hardening-test.sh
           PASS (Server)
[assert] Bastion: running ssh-hardening-test.sh
           PASS (Bastion)
[assert] Internal: running ssh-hardening-test.sh
           PASS (Internal)
[teardown] deleting project bcdea80d-540c-4830-95bf-bf8568912c75
[provision] building topology -> autotest-stp-basics-c2519a21
  nodes: Host1=started, Host2=started, SW1=started, SW2=started
  settling 15s for boot/ifup ...
[configure] SW1 (OVS via docker exec): 1 cmd(s)
[configure] SW2 (OVS via docker exec): 1 cmd(s)
[configure] Host1: 2 cmd(s)
[configure] Host2: 2 cmd(s)
[assert] Host1: running stp-basics-test.sh
           PASS (Host1)
[teardown] deleting project cc8d4f74-ec17-4164-bbd9-478b982f2d7b
[provision] building topology -> autotest-suricata-basics-5a9fa764
  nodes: Client=started, IDS=started, Server=started, hub=started
  settling 12s for boot/ifup ...
[configure] Server: 4 cmd(s)
[configure] IDS: 6 cmd(s)
[configure] Client: 5 cmd(s)
[assert] Server: running suricata-basics-test.sh
           PASS (Server)
[assert] Client: running suricata-basics-test.sh
           PASS (Client)
[assert] IDS: running suricata-basics-test.sh
           PASS (IDS)
[teardown] deleting project 760fc8f3-f6b6-48e3-9ed6-5c59593dcc61
[skip] tailscale-basics: needs two GNS3 instances + Internet + Tailscale coordination (external dependency)
[provision] importing ../udp-basics/UDP-Basics-Template.gns3project -> autotest-tcp-basics-39493993
  nodes: Host1=started, Host2=started, Host3=started, Host4=started, NETem1=started, Router1=started, Router2=started, Switch1=started, Switch2=started
  settling 20s for boot/ifup ...
[configure] NETem1 (menu console via docker exec): 2 cmd(s)
[configure] Host3: 2 cmd(s)
[configure] Host1: 1 cmd(s)
[assert] Host3: running tcp-basics-test.sh
           PASS (Host3)
[teardown] deleting project 39493993-7347-4e44-b493-2b2354077f93
[provision] importing UDP-Basics-Template.gns3project -> autotest-udp-basics-645aa3bb
  nodes: Host1=started, Host2=started, Host3=started, Host4=started, NETem1=started, Router1=started, Router2=started, Switch1=started, Switch2=started
  settling 20s for boot/ifup ...
[configure] NETem1 (menu console via docker exec): 3 cmd(s)
[configure] Host3: 2 cmd(s)
[configure] Host1: 1 cmd(s)
[assert] Host3: running udp-basics-test.sh
           PASS (Host3)
[teardown] deleting project 645aa3bb-306a-4692-b09f-4ddec37fa6c9
[provision] importing View-Routes-Solution.gns3project -> autotest-view-routes-edea9ef3
  nodes: Host1=started, Host2=started, Host3=started, Router1=started, Switch1=started
  settling 10s for boot/ifup ...
[assert] Host1: running view-routes-test.sh
           PASS (Host1)
[assert] Host3: running view-routes-test.sh
           PASS (Host3)
[teardown] deleting project edea9ef3-0b54-4dc2-9ec9-ac69fc1470b2
[provision] importing VLAN-Basics-Solution.gns3project -> autotest-vlan-basics-6289b436
  nodes: Host1=started, Host2=started, Host3=started, Host4=started, OpenvSwitch1=started
  settling 14s for boot/ifup ...
[configure] OpenvSwitch1 (OVS via docker exec): 4 cmd(s)
[assert] Host1: running vlan-basics-test.sh
           PASS (Host1)
[teardown] deleting project 6289b436-c8a5-428c-9eb8-18e1e0188d18
[provision] importing VLAN-Router-Solution.gns3project -> autotest-vlan-router-50f15c58
  nodes: Host1=started, Host2=started, Host3=started, Host4=started, OpenvSwitch1=started, Router1=started
  settling 14s for boot/ifup ...
[configure] OpenvSwitch1 (OVS via docker exec): 5 cmd(s)
[configure] Router1: 7 cmd(s)
[assert] Host1: running vlan-router-test.sh
           PASS (Host1)
[teardown] deleting project 50f15c58-0aa7-4920-9911-8ece103815a2
[provision] building topology -> autotest-web-app-attacks-basics-7d168cf7
  nodes: attacker=started, sw=started, victim=started, webserver=started
  settling 20s for boot/ifup ...
[configure] webserver: 3 cmd(s)
[configure] attacker: 2 cmd(s)
[configure] victim: 2 cmd(s)
  ready: polling 1 check(s), timeout 60s
  ready: login-app-up ok at +0s
[assert] attacker: running web-app-attacks-basics-test.sh
           PASS (attacker)
[capture] link captures over the API
  capture: cookie-theft on webserver <-> sw
  capture: HIT  cookie-theft carries 'password=redgum77' in clear text on webserver <-> sw
  capture: HIT  cookie-theft carries 'session=bob|' in clear text on webserver <-> sw
  capture: HIT  cookie-theft captured 25 frames (>= 10)
[teardown] deleting project d45c9e41-e1d2-4ffd-bbf3-b4a1c786e351
[provision] building topology -> autotest-web-server-basics-a8f72005
  nodes: PC1=started, PC2=started, Server1=started, Switch1=started
  settling 8s for boot/ifup ...
[configure] Server1: 5 cmd(s)
[configure] PC2: 2 cmd(s)
[assert] PC2: running web-server-basics-test.sh
           PASS (PC2)
[assert] Server1: running web-server-basics-test.sh
           PASS (Server1)
[capture] link captures over the API
  capture: server-link on Server1 <-> Switch1
  capture: HIT  server-link carries 'GET /style.css' in clear text on Server1 <-> Switch1
  capture: HIT  server-link carries 'Web Server Basics' in clear text on Server1 <-> Switch1
  capture: HIT  server-link captured 23 frames (>= 6)
[teardown] deleting project 56fea774-ac2d-430f-8ecb-2f832949bfa4
[provision] building topology -> autotest-wireguard-basics-b347f894
  nodes: Client=started, Internet=started, LAN-Host=started, VPNServer=started, sw_lan=started, sw_wan=started
  settling 14s for boot/ifup ...
[configure] VPNServer: 10 cmd(s)
[configure] Internet: 4 cmd(s)
[configure] LAN-Host: 3 cmd(s)
[configure] Client: 6 cmd(s)
[assert] VPNServer: running wireguard-basics-test.sh
           PASS (VPNServer)
[assert] Client: running wireguard-basics-test.sh
           PASS (Client)
[teardown] deleting project edcbe7df-42de-4cd7-99c8-b9ec7f8b7f0d
[provision] building topology -> autotest-wireless-basics-b7cd383c
  nodes: AP=started, STA=started
  settling 10s for boot/ifup ...
[host_setup] (VM host) GNS3_SERVER=http://localhost gns3-wifi-attach autotest-wireless-basics-b7cd383c
[configure] AP: 1 cmd(s)
[configure] STA: 1 cmd(s)
[assert] AP: running wireless-basics-test.sh
           PASS (AP)
[assert] STA: running wireless-basics-test.sh
           PASS (STA)
[teardown] deleting project 34077e30-ad60-4230-8861-1bba0783f725
[provision] building topology -> autotest-xss-basics-91aaae3b
  nodes: attacker=started, browser=started, sw=started, webserver=started
  settling 20s for boot/ifup ...
[configure] webserver: 3 cmd(s)
[configure] attacker: 2 cmd(s)
  ready: polling 1 check(s), timeout 60s
  ready: xss-app-up ok at +0s
[assert] attacker: running xss-basics-test.sh
           PASS (attacker)
[teardown] deleting project 452c6afa-def0-48a8-b0ba-3ddd3059aca6

results[amd64]: /home/sgordon/git/gns3-dev/tools/tests/results.json  +  table in /home/sgordon/git/gns3-dev/activities/README.md

==================== RESULTS ====================
  PASS   add-routes                 2 passed, 0 failed
         transcript: /home/sgordon/git/gns3-dev/outfiles/autotest-add-routes-e908eb43.log
  PASS   ansible-basics             1 passed, 0 failed
         transcript: /home/sgordon/git/gns3-dev/outfiles/autotest-ansible-basics-d1616b13.log
  PASS   arp-basics                 1 passed, 0 failed
         transcript: /home/sgordon/git/gns3-dev/outfiles/autotest-arp-basics-d9fe634c.log
  PASS   arp-spoofing               1 passed, 0 failed
         transcript: /home/sgordon/git/gns3-dev/outfiles/autotest-arp-spoofing-d45eba10.log
  PASS   auth-kerberos              3 passed, 0 failed
         transcript: /home/sgordon/git/gns3-dev/outfiles/autotest-auth-kerberos-ef540e24.log
  PASS   backup-basics              1 passed, 0 failed
         transcript: /home/sgordon/git/gns3-dev/outfiles/autotest-backup-basics-9b5d91d6.log
  PASS   bgp-basics                 2 passed, 0 failed
         transcript: /home/sgordon/git/gns3-dev/outfiles/autotest-bgp-basics-be01447c.log
  PASS   broken-network             3 passed, 0 failed
         transcript: /home/sgordon/git/gns3-dev/outfiles/autotest-broken-network-88f660ba.log
  PASS   broken-services            1 passed, 0 failed
         transcript: /home/sgordon/git/gns3-dev/outfiles/autotest-broken-services-34039efc.log
  PASS   cache-server-basics        3 passed, 0 failed
         transcript: /home/sgordon/git/gns3-dev/outfiles/autotest-cache-server-basics-4e28708d.log
  PASS   campus-core-ospf           2 passed, 0 failed
         transcript: /home/sgordon/git/gns3-dev/outfiles/autotest-campus-core-ospf-abb84356.log
  PASS   campus-core-simple         2 passed, 0 failed
         transcript: /home/sgordon/git/gns3-dev/outfiles/autotest-campus-core-simple-52021fb8.log
  PASS   campus-core-vlan           3 passed, 0 failed; capture 3 hit / 0 miss
         transcript: /home/sgordon/git/gns3-dev/outfiles/autotest-campus-core-vlan-f7a513d2.log
  PASS   campus-core-vlsm           2 passed, 0 failed
         transcript: /home/sgordon/git/gns3-dev/outfiles/autotest-campus-core-vlsm-e4da0ba6.log
  PASS   capture-basics             2 passed, 0 failed; capture 1 hit / 0 miss
         transcript: /home/sgordon/git/gns3-dev/outfiles/autotest-capture-basics-a070b1f5.log
  PASS   central-logging            1 passed, 0 failed
         transcript: /home/sgordon/git/gns3-dev/outfiles/autotest-central-logging-0f7f45c1.log
  PASS   database-server-basics     3 passed, 0 failed
         transcript: /home/sgordon/git/gns3-dev/outfiles/autotest-database-server-basics-e7f99356.log
  PASS   default-gateway            4 passed, 0 failed
         transcript: /home/sgordon/git/gns3-dev/outfiles/autotest-default-gateway-cb1c6142.log
  PASS   dhcp-client                3 passed, 0 failed
         transcript: /home/sgordon/git/gns3-dev/outfiles/autotest-dhcp-client-d750c572.log
  PASS   dhcp-server-basics         3 passed, 0 failed
         transcript: /home/sgordon/git/gns3-dev/outfiles/autotest-dhcp-server-basics-1f98dab1.log
  PASS   dhcp-server-kea            3 passed, 0 failed
         transcript: /home/sgordon/git/gns3-dev/outfiles/autotest-dhcp-server-kea-0f7cc19c.log
  PASS   directory-ad-basics        2 passed, 0 failed
         transcript: /home/sgordon/git/gns3-dev/outfiles/autotest-directory-ad-basics-535aa3b8.log
  PASS   directory-demo             3 passed, 0 failed
         transcript: /home/sgordon/git/gns3-dev/outfiles/autotest-directory-demo-678f123a.log
  PASS   directory-linux-join       2 passed, 0 failed
         transcript: /home/sgordon/git/gns3-dev/outfiles/autotest-directory-linux-join-e4fa12f1.log
  PASS   dns-hosts                  4 passed, 0 failed
         transcript: /home/sgordon/git/gns3-dev/outfiles/autotest-dns-hosts-cf7ed4c2.log
  PASS   dns-server-basics          2 passed, 0 failed
         transcript: /home/sgordon/git/gns3-dev/outfiles/autotest-dns-server-basics-14a9e8aa.log
  PASS   dos-demo                   1 passed, 0 failed; capture 2 hit / 0 miss
         transcript: /home/sgordon/git/gns3-dev/outfiles/autotest-dos-demo-229635bc.log
  PASS   file-sharing-basics        2 passed, 0 failed
         transcript: /home/sgordon/git/gns3-dev/outfiles/autotest-file-sharing-basics-b719eaa8.log
  PASS   git-basics                 2 passed, 0 failed
         transcript: /home/sgordon/git/gns3-dev/outfiles/autotest-git-basics-91d41776.log
  PASS   git-server-gitea           2 passed, 0 failed
         transcript: /home/sgordon/git/gns3-dev/outfiles/autotest-git-server-gitea-7be6097a.log
  SKIP   gns3-internet-nat          requires real Internet egress from the GNS3 VM (external dependency); hand-walked 21 Aug 2026
  PASS   gns3-intro                 1 passed, 0 failed
         transcript: /home/sgordon/git/gns3-dev/outfiles/autotest-gns3-intro-054f40b0.log
  PASS   httpclient-cli-basics      1 passed, 0 failed
         transcript: /home/sgordon/git/gns3-dev/outfiles/autotest-httpclient-cli-basics-b3687b3d.log
  PASS   httpclient-gui-basics      1 passed, 0 failed
         transcript: /home/sgordon/git/gns3-dev/outfiles/autotest-httpclient-gui-basics-cc080cae.log
  PASS   https-setup-selfsigned     1 passed, 0 failed
         transcript: /home/sgordon/git/gns3-dev/outfiles/autotest-https-setup-selfsigned-182d0dce.log
  SKIP   ipsec-site-to-site         optional node not installed: template(s) OPNsense — build the appliance with `--with` to run this activity
  PASS   ipsec-swanctl              3 passed, 0 failed
         transcript: /home/sgordon/git/gns3-dev/outfiles/autotest-ipsec-swanctl-f4574f1b.log
  PASS   ipv6-basics                2 passed, 0 failed; capture 1 hit / 0 miss
         transcript: /home/sgordon/git/gns3-dev/outfiles/autotest-ipv6-basics-8c7e23b8.log
  PASS   ipv6-nat64                 2 passed, 0 failed; capture 2 hit / 0 miss
         transcript: /home/sgordon/git/gns3-dev/outfiles/autotest-ipv6-nat64-d1029d2c.log
  PASS   lan-routing-vlan           2 passed, 0 failed
         transcript: /home/sgordon/git/gns3-dev/outfiles/autotest-lan-routing-vlan-d78d6622.log
  PASS   link-performance           1 passed, 0 failed
         transcript: /home/sgordon/git/gns3-dev/outfiles/autotest-link-performance-66e0e881.log
  PASS   mtls-client-certs          1 passed, 0 failed
         transcript: /home/sgordon/git/gns3-dev/outfiles/autotest-mtls-client-certs-8ae9ee67.log
  PASS   netcat-basics              1 passed, 0 failed
         transcript: /home/sgordon/git/gns3-dev/outfiles/autotest-netcat-basics-d5d3fccf.log
  PASS   netflow-basics             3 passed, 0 failed
         transcript: /home/sgordon/git/gns3-dev/outfiles/autotest-netflow-basics-dc56e472.log
  PASS   network-monitoring-basics  2 passed, 0 failed
         transcript: /home/sgordon/git/gns3-dev/outfiles/autotest-network-monitoring-basics-4f6433bd.log
  PASS   nftables-firewall          3 passed, 0 failed; capture 1 hit / 0 miss
         transcript: /home/sgordon/git/gns3-dev/outfiles/autotest-nftables-firewall-5b458b1b.log
  PASS   ntp-basics                 2 passed, 0 failed
         transcript: /home/sgordon/git/gns3-dev/outfiles/autotest-ntp-basics-66625687.log
  PASS   openssl-ca                 1 passed, 0 failed
         transcript: /home/sgordon/git/gns3-dev/outfiles/autotest-openssl-ca-3af5e8ad.log
  PASS   openwrt-basics             3 passed, 0 failed
         transcript: /home/sgordon/git/gns3-dev/outfiles/autotest-openwrt-basics-de428832.log
  PASS   openwrt-firewall-dmz       4 passed, 0 failed
         transcript: /home/sgordon/git/gns3-dev/outfiles/autotest-openwrt-firewall-dmz-cca4d0d6.log
  SKIP   opnsense-firewall          optional node not installed: template(s) OPNsense — build the appliance with `--with` to run this activity
  PASS   ospf-basics                2 passed, 0 failed
         transcript: /home/sgordon/git/gns3-dev/outfiles/autotest-ospf-basics-03e5b68f.log
  PASS   password-hashing           1 passed, 0 failed
         transcript: /home/sgordon/git/gns3-dev/outfiles/autotest-password-hashing-a23d71b7.log
  PASS   ping-basics                1 passed, 0 failed
         transcript: /home/sgordon/git/gns3-dev/outfiles/autotest-ping-basics-498f060e.log
  PASS   port-scanning              1 passed, 0 failed; capture 1 hit / 0 miss
         transcript: /home/sgordon/git/gns3-dev/outfiles/autotest-port-scanning-b3435fde.log
  PASS   reverse-proxy              1 passed, 0 failed
         transcript: /home/sgordon/git/gns3-dev/outfiles/autotest-reverse-proxy-e9cab7d4.log
  PASS   sdn-basics                 2 passed, 0 failed; capture 3 hit / 0 miss
         transcript: /home/sgordon/git/gns3-dev/outfiles/autotest-sdn-basics-c533c049.log
  PASS   security-ops-demo          7 passed, 0 failed
         transcript: /home/sgordon/git/gns3-dev/outfiles/autotest-security-ops-demo-bf023687.log
  SKIP   service-nodes-demo         staff demonstration topology, not a single-assertion activity — verify interactively
  PASS   setting-ip                 3 passed, 0 failed
         transcript: /home/sgordon/git/gns3-dev/outfiles/autotest-setting-ip-cc26b77e.log
  SKIP   small-internet             large demo topology, not a single-assertion activity — verify interactively
  PASS   ssh-basics                 1 passed, 0 failed
         transcript: /home/sgordon/git/gns3-dev/outfiles/autotest-ssh-basics-51f29f3b.log
  PASS   ssh-hardening              4 passed, 0 failed
         transcript: /home/sgordon/git/gns3-dev/outfiles/autotest-ssh-hardening-ac1f816b.log
  PASS   stp-basics                 1 passed, 0 failed
         transcript: /home/sgordon/git/gns3-dev/outfiles/autotest-stp-basics-c2519a21.log
  PASS   suricata-basics            3 passed, 0 failed
         transcript: /home/sgordon/git/gns3-dev/outfiles/autotest-suricata-basics-5a9fa764.log
  SKIP   tailscale-basics           needs two GNS3 instances + Internet + Tailscale coordination (external dependency)
  PASS   tcp-basics                 1 passed, 0 failed
         transcript: /home/sgordon/git/gns3-dev/outfiles/autotest-tcp-basics-34595f4b.log
  PASS   udp-basics                 1 passed, 0 failed
         transcript: /home/sgordon/git/gns3-dev/outfiles/autotest-udp-basics-2dfdda5c.log
  PASS   view-routes                2 passed, 0 failed
         transcript: /home/sgordon/git/gns3-dev/outfiles/autotest-view-routes-1f5a5fb5.log
  PASS   vlan-basics                1 passed, 0 failed
         transcript: /home/sgordon/git/gns3-dev/outfiles/autotest-vlan-basics-78422aba.log
  PASS   vlan-router                1 passed, 0 failed
         transcript: /home/sgordon/git/gns3-dev/outfiles/autotest-vlan-router-5b3831de.log
  PASS   web-app-attacks-basics     1 passed, 0 failed; capture 3 hit / 0 miss
         transcript: /home/sgordon/git/gns3-dev/outfiles/autotest-web-app-attacks-basics-7d168cf7.log
  PASS   web-server-basics          2 passed, 0 failed; capture 3 hit / 0 miss
         transcript: /home/sgordon/git/gns3-dev/outfiles/autotest-web-server-basics-a8f72005.log
  PASS   wireguard-basics           2 passed, 0 failed
         transcript: /home/sgordon/git/gns3-dev/outfiles/autotest-wireguard-basics-b347f894.log
  PASS   wireless-basics            2 passed, 0 failed
         transcript: /home/sgordon/git/gns3-dev/outfiles/autotest-wireless-basics-b7cd383c.log
  PASS   xss-basics                 1 passed, 0 failed
         transcript: /home/sgordon/git/gns3-dev/outfiles/autotest-xss-basics-91aaae3b.log
